******************************************************************************
                  TI ARM Linker PC v18.12.7                    
******************************************************************************
>> Linked Tue Aug 17 15:43:38 2021

OUTPUT FILE NAME:   <UART_Task2.out>
ENTRY POINT SYMBOL: "_c_int00_noargs"  address: 000009c1


MEMORY CONFIGURATION

         name            origin    length      used     unused   attr    fill
----------------------  --------  ---------  --------  --------  ----  --------
  FLASH                 00000000   00040000  00000a62  0003f59e  R  X
  SRAM                  20000000   00008000  00000219  00007de7  RW X


SEGMENT ALLOCATION MAP

run origin  load origin   length   init length attrs members
----------  ----------- ---------- ----------- ----- -------
00000000    00000000    00000a68   00000a68    r-x
  00000000    00000000    0000026c   0000026c    r-- .intvecs
  0000026c    0000026c    000007c6   000007c6    r-x .text
  00000a38    00000a38    00000030   00000030    r-- .cinit
20000000    20000000    00000219   00000000    rw-
  20000000    20000000    00000200   00000000    rw- .stack
  20000200    20000200    00000014   00000000    rw- .bss
  20000214    20000214    00000005   00000000    rw- .data


SECTION ALLOCATION MAP

 output                                  attributes/
section   page    origin      length       input sections
--------  ----  ----------  ----------   ----------------
.intvecs   0    00000000    0000026c     
                  00000000    0000026c     tm4c123gh6pm_startup_ccs.obj (.intvecs)

.text      0    0000026c    000007c6     
                  0000026c    0000046c     UART_Prog.obj (.text)
                  000006d8    000001a0     main.obj (.text)
                  00000878    0000009c     rtsv7M4_T_le_v4SPD16_eabi.lib : memcpy_t2.asm.obj (.text)
                  00000914    00000068                                   : copy_decompress_lzss.c.obj (.text:decompress:lzss:__TI_decompress_lzss)
                  0000097c    00000044                                   : autoinit.c.obj (.text:__TI_auto_init_nobinit_nopinit:__TI_auto_init_nobinit_nopinit)
                  000009c0    00000034                                   : boot_cortex_m.c.obj (.text:_c_int00_noargs:_c_int00_noargs)
                  000009f4    0000001c                                   : copy_zero_init.c.obj (.text:decompress:ZI:__TI_zero_init_nomemset:__TI_zero_init_nomemset)
                  00000a10    0000000e                                   : copy_decompress_none.c.obj (.text:decompress:none:__TI_decompress_none)
                  00000a1e    0000000c     tm4c123gh6pm_startup_ccs.obj (.text)
                  00000a2a    00000004     rtsv7M4_T_le_v4SPD16_eabi.lib : pre_init.c.obj (.text:_system_pre_init)
                  00000a2e    00000004                                   : exit.c.obj (.text:abort:abort)

.cinit     0    00000a38    00000030     
                  00000a38    0000000c     (__TI_handler_table)
                  00000a44    00000004     --HOLE-- [fill = 0]
                  00000a48    00000008     (.cinit..bss.load) [load image, compression = zero_init]
                  00000a50    00000007     (.cinit..data.load) [load image, compression = lzss]
                  00000a57    00000001     --HOLE-- [fill = 0]
                  00000a58    00000010     (__TI_cinit_table)

.init_array 
*          0    00000000    00000000     UNINITIALIZED

.bss       0    20000200    00000014     UNINITIALIZED
                  20000200    00000010     (.common:Uart0Configurations)
                  20000210    00000004     (.common:delay)

.data      0    20000214    00000005     UNINITIALIZED
                  20000214    00000004     UART_Prog.obj (.data)
                  20000218    00000001     main.obj (.data)

.stack     0    20000000    00000200     UNINITIALIZED
                  20000000    00000004     rtsv7M4_T_le_v4SPD16_eabi.lib : boot_cortex_m.c.obj (.stack)
                  20000004    000001fc     --HOLE--

MODULE SUMMARY

       Module                         code   ro data   rw data
       ------                         ----   -------   -------
    .\
       tm4c123gh6pm_startup_ccs.obj   12     620       0      
       main.obj                       416    0         21     
    +--+------------------------------+------+---------+---------+
       Total:                         428    620       21     
                                                              
    .\Drivers\UART\
       UART_Prog.obj                  1132   0         4      
    +--+------------------------------+------+---------+---------+
       Total:                         1132   0         4      
                                                              
    C:\ti\ccs930\ccs\tools\compiler\ti-cgt-arm_18.12.7.LTS\lib\rtsv7M4_T_le_v4SPD16_eabi.lib
       memcpy_t2.asm.obj              156    0         0      
       copy_decompress_lzss.c.obj     104    0         0      
       autoinit.c.obj                 68     0         0      
       boot_cortex_m.c.obj            52     0         0      
       copy_zero_init.c.obj           28     0         0      
       copy_decompress_none.c.obj     14     0         0      
       exit.c.obj                     4      0         0      
       pre_init.c.obj                 4      0         0      
    +--+------------------------------+------+---------+---------+
       Total:                         430    0         0      
                                                              
       Stack:                         0      0         512    
       Linker Generated:              0      43        0      
    +--+------------------------------+------+---------+---------+
       Grand Total:                   1990   663       537    


LINKER GENERATED COPY TABLES

__TI_cinit_table @ 00000a58 records: 2, size/record: 8, table size: 16
	.bss: load addr=00000a48, load size=00000008 bytes, run addr=20000200, run size=00000014 bytes, compression=zero_init
	.data: load addr=00000a50, load size=00000007 bytes, run addr=20000214, run size=00000005 bytes, compression=lzss


LINKER GENERATED HANDLER TABLE

__TI_handler_table @ 00000a38 records: 3, size/record: 4, table size: 12
	index: 0, handler: __TI_decompress_lzss
	index: 1, handler: __TI_decompress_none
	index: 2, handler: __TI_zero_init


GLOBAL SYMBOLS: SORTED ALPHABETICALLY BY Name 

address   name                          
-------   ----                          
20000218  ByteReceievd                  
00000a2f  C$$EXIT                       
00000a1f  ResetISR                      
0000026d  UART0_ISR                     
00000773  UART_ReceiveInterrupt         
20000200  Uart0Configurations           
000004a9  Uart0_SetCallBack             
00000327  Uart_Init                     
0000062d  Uart_Receive                  
000004c1  Uart_ReceiveIT                
000005e7  Uart_SendString               
0000055b  Uart_Transmit                 
20000200  __STACK_END                   
00000200  __STACK_SIZE                  
20000200  __STACK_TOP                   
00000a58  __TI_CINIT_Base               
00000a68  __TI_CINIT_Limit              
00000a38  __TI_Handler_Table_Base       
00000a44  __TI_Handler_Table_Limit      
0000097d  __TI_auto_init_nobinit_nopinit
00000915  __TI_decompress_lzss          
00000a11  __TI_decompress_none          
ffffffff  __TI_pprof_out_hndl           
ffffffff  __TI_prof_data_size           
ffffffff  __TI_prof_data_start          
00000000  __TI_static_base__            
000009f5  __TI_zero_init_nomemset       
00000879  __aeabi_memcpy                
00000879  __aeabi_memcpy4               
00000879  __aeabi_memcpy8               
ffffffff  __binit__                     
ffffffff  __c_args__                    
UNDEFED   __mpu_init                    
20000000  __stack                       
000009c1  _c_int00_noargs               
UNDEFED   _system_post_cinit            
00000a2b  _system_pre_init              
00000a2f  abort                         
ffffffff  binit                         
20000210  delay                         
00000000  g_pfnVectors                  
000006d9  main                          
00000879  memcpy                        


GLOBAL SYMBOLS: SORTED BY Symbol Address 

address   name                          
-------   ----                          
00000000  __TI_static_base__            
00000000  g_pfnVectors                  
00000200  __STACK_SIZE                  
0000026d  UART0_ISR                     
00000327  Uart_Init                     
000004a9  Uart0_SetCallBack             
000004c1  Uart_ReceiveIT                
0000055b  Uart_Transmit                 
000005e7  Uart_SendString               
0000062d  Uart_Receive                  
000006d9  main                          
00000773  UART_ReceiveInterrupt         
00000879  __aeabi_memcpy                
00000879  __aeabi_memcpy4               
00000879  __aeabi_memcpy8               
00000879  memcpy                        
00000915  __TI_decompress_lzss          
0000097d  __TI_auto_init_nobinit_nopinit
000009c1  _c_int00_noargs               
000009f5  __TI_zero_init_nomemset       
00000a11  __TI_decompress_none          
00000a1f  ResetISR                      
00000a2b  _system_pre_init              
00000a2f  C$$EXIT                       
00000a2f  abort                         
00000a38  __TI_Handler_Table_Base       
00000a44  __TI_Handler_Table_Limit      
00000a58  __TI_CINIT_Base               
00000a68  __TI_CINIT_Limit              
20000000  __stack                       
20000200  Uart0Configurations           
20000200  __STACK_END                   
20000200  __STACK_TOP                   
20000210  delay                         
20000218  ByteReceievd                  
ffffffff  __TI_pprof_out_hndl           
ffffffff  __TI_prof_data_size           
ffffffff  __TI_prof_data_start          
ffffffff  __binit__                     
ffffffff  __c_args__                    
ffffffff  binit                         
UNDEFED   __mpu_init                    
UNDEFED   _system_post_cinit            

[43 symbols]
