******************************************************************************
                  TI ARM Linker PC v18.12.7                    
******************************************************************************
>> Linked Fri Sep 10 15:00:05 2021

OUTPUT FILE NAME:   <Can_Task.out>
ENTRY POINT SYMBOL: "_c_int00_noargs"  address: 00000a6d


MEMORY CONFIGURATION

         name            origin    length      used     unused   attr    fill
----------------------  --------  ---------  --------  --------  ----  --------
  FLASH                 00000000   00040000  00000b3c  0003f4c4  R  X
  SRAM                  20000000   00008000  00000258  00007da8  RW X


SEGMENT ALLOCATION MAP

run origin  load origin   length   init length attrs members
----------  ----------- ---------- ----------- ----- -------
00000000    00000000    00000b40   00000b40    r-x
  00000000    00000000    0000026c   0000026c    r-- .intvecs
  0000026c    0000026c    00000872   00000872    r-x .text
  00000ae0    00000ae0    00000006   00000006    r-- .const
  00000ae8    00000ae8    00000058   00000058    r-- .cinit
20000000    20000000    00000258   00000000    rw-
  20000000    20000000    00000200   00000000    rw- .stack
  20000200    20000200    00000054   00000000    rw- .data
  20000254    20000254    00000004   00000000    rw- .bss


SECTION ALLOCATION MAP

 output                                  attributes/
section   page    origin      length       input sections
--------  ----  ----------  ----------   ----------------
.intvecs   0    00000000    0000026c     
                  00000000    0000026c     tm4c123gh6pm_startup_ccs.obj (.intvecs)

.text      0    0000026c    00000872     
                  0000026c    00000644     CAN_Prog.obj (.text)
                  000008b0    0000009c     rtsv7M4_T_le_v4SPD16_eabi.lib : memcpy_t2.asm.obj (.text)
                  0000094c    00000074     main.obj (.text)
                  000009c0    00000068     rtsv7M4_T_le_v4SPD16_eabi.lib : copy_decompress_lzss.c.obj (.text:decompress:lzss:__TI_decompress_lzss)
                  00000a28    00000044                                   : autoinit.c.obj (.text:__TI_auto_init_nobinit_nopinit:__TI_auto_init_nobinit_nopinit)
                  00000a6c    00000034                                   : boot_cortex_m.c.obj (.text:_c_int00_noargs:_c_int00_noargs)
                  00000aa0    0000001c                                   : copy_zero_init.c.obj (.text:decompress:ZI:__TI_zero_init_nomemset:__TI_zero_init_nomemset)
                  00000abc    0000000e                                   : copy_decompress_none.c.obj (.text:decompress:none:__TI_decompress_none)
                  00000aca    0000000c     tm4c123gh6pm_startup_ccs.obj (.text)
                  00000ad6    00000004     rtsv7M4_T_le_v4SPD16_eabi.lib : pre_init.c.obj (.text:_system_pre_init)
                  00000ada    00000004                                   : exit.c.obj (.text:abort:abort)

.const     0    00000ae0    00000006     
                  00000ae0    00000006     main.obj (.const:.string)

.cinit     0    00000ae8    00000058     
                  00000ae8    00000034     (.cinit..data.load) [load image, compression = lzss]
                  00000b1c    0000000c     (__TI_handler_table)
                  00000b28    00000008     (.cinit..bss.load) [load image, compression = zero_init]
                  00000b30    00000010     (__TI_cinit_table)

.init_array 
*          0    00000000    00000000     UNINITIALIZED

.data      0    20000200    00000054     UNINITIALIZED
                  20000200    00000014     CAN_PBcfg.obj (.data:CanConfiguration)
                  20000214    00000014     main.obj (.data:CanMessageObjectConfigurationReceive)
                  20000228    00000014     main.obj (.data:CanMessageObjectConfigurationSend)
                  2000023c    00000010     CAN_PBcfg.obj (.data:$P$T0)
                  2000024c    00000008     main.obj (.data:ReceviedData)

.bss       0    20000254    00000004     UNINITIALIZED
                  20000254    00000004     (.common:delay)

.stack     0    20000000    00000200     UNINITIALIZED
                  20000000    00000004     rtsv7M4_T_le_v4SPD16_eabi.lib : boot_cortex_m.c.obj (.stack)
                  20000004    000001fc     --HOLE--

MODULE SUMMARY

       Module                         code   ro data   rw data
       ------                         ----   -------   -------
    .\
       tm4c123gh6pm_startup_ccs.obj   12     620       0      
       main.obj                       116    6         52     
    +--+------------------------------+------+---------+---------+
       Total:                         128    626       52     
                                                              
    .\Drivers\CAN\
       CAN_Prog.obj                   1604   0         0      
       CAN_PBcfg.obj                  0      0         36     
    +--+------------------------------+------+---------+---------+
       Total:                         1604   0         36     
                                                              
    C:\ti\ccs930\ccs\tools\compiler\ti-cgt-arm_18.12.7.LTS\lib\rtsv7M4_T_le_v4SPD16_eabi.lib
       memcpy_t2.asm.obj              156    0         0      
       copy_decompress_lzss.c.obj     104    0         0      
       autoinit.c.obj                 68     0         0      
       boot_cortex_m.c.obj            52     0         0      
       copy_zero_init.c.obj           28     0         0      
       copy_decompress_none.c.obj     14     0         0      
       exit.c.obj                     4      0         0      
       pre_init.c.obj                 4      0         0      
    +--+------------------------------+------+---------+---------+
       Total:                         430    0         0      
                                                              
       Stack:                         0      0         512    
       Linker Generated:              0      88        0      
    +--+------------------------------+------+---------+---------+
       Grand Total:                   2162   714       600    


LINKER GENERATED COPY TABLES

__TI_cinit_table @ 00000b30 records: 2, size/record: 8, table size: 16
	.data: load addr=00000ae8, load size=00000034 bytes, run addr=20000200, run size=00000054 bytes, compression=lzss
	.bss: load addr=00000b28, load size=00000008 bytes, run addr=20000254, run size=00000004 bytes, compression=zero_init


LINKER GENERATED HANDLER TABLE

__TI_handler_table @ 00000b1c records: 3, size/record: 4, table size: 12
	index: 0, handler: __TI_decompress_lzss
	index: 1, handler: __TI_decompress_none
	index: 2, handler: __TI_zero_init


GLOBAL SYMBOLS: SORTED ALPHABETICALLY BY Name 

address   name                                
-------   ----                                
00000adb  C$$EXIT                             
20000200  CanConfiguration                    
20000214  CanMessageObjectConfigurationReceive
20000228  CanMessageObjectConfigurationSend   
0000026d  Can_Init                            
00000551  Can_Receive                         
00000323  Can_Transmit                        
2000024c  ReceviedData                        
00000acb  ResetISR                            
20000200  __STACK_END                         
00000200  __STACK_SIZE                        
20000200  __STACK_TOP                         
00000b30  __TI_CINIT_Base                     
00000b40  __TI_CINIT_Limit                    
00000b1c  __TI_Handler_Table_Base             
00000b28  __TI_Handler_Table_Limit            
00000a29  __TI_auto_init_nobinit_nopinit      
000009c1  __TI_decompress_lzss                
00000abd  __TI_decompress_none                
ffffffff  __TI_pprof_out_hndl                 
ffffffff  __TI_prof_data_size                 
ffffffff  __TI_prof_data_start                
00000000  __TI_static_base__                  
00000aa1  __TI_zero_init_nomemset             
000008b1  __aeabi_memcpy                      
000008b1  __aeabi_memcpy4                     
000008b1  __aeabi_memcpy8                     
ffffffff  __binit__                           
ffffffff  __c_args__                          
UNDEFED   __mpu_init                          
20000000  __stack                             
00000a6d  _c_int00_noargs                     
UNDEFED   _system_post_cinit                  
00000ad7  _system_pre_init                    
00000adb  abort                               
ffffffff  binit                               
20000254  delay                               
00000000  g_pfnVectors                        
0000094d  main                                
000008b1  memcpy                              


GLOBAL SYMBOLS: SORTED BY Symbol Address 

address   name                                
-------   ----                                
00000000  __TI_static_base__                  
00000000  g_pfnVectors                        
00000200  __STACK_SIZE                        
0000026d  Can_Init                            
00000323  Can_Transmit                        
00000551  Can_Receive                         
000008b1  __aeabi_memcpy                      
000008b1  __aeabi_memcpy4                     
000008b1  __aeabi_memcpy8                     
000008b1  memcpy                              
0000094d  main                                
000009c1  __TI_decompress_lzss                
00000a29  __TI_auto_init_nobinit_nopinit      
00000a6d  _c_int00_noargs                     
00000aa1  __TI_zero_init_nomemset             
00000abd  __TI_decompress_none                
00000acb  ResetISR                            
00000ad7  _system_pre_init                    
00000adb  C$$EXIT                             
00000adb  abort                               
00000b1c  __TI_Handler_Table_Base             
00000b28  __TI_Handler_Table_Limit            
00000b30  __TI_CINIT_Base                     
00000b40  __TI_CINIT_Limit                    
20000000  __stack                             
20000200  CanConfiguration                    
20000200  __STACK_END                         
20000200  __STACK_TOP                         
20000214  CanMessageObjectConfigurationReceive
20000228  CanMessageObjectConfigurationSend   
2000024c  ReceviedData                        
20000254  delay                               
ffffffff  __TI_pprof_out_hndl                 
ffffffff  __TI_prof_data_size                 
ffffffff  __TI_prof_data_start                
ffffffff  __binit__                           
ffffffff  __c_args__                          
ffffffff  binit                               
UNDEFED   __mpu_init                          
UNDEFED   _system_post_cinit                  

[40 symbols]
